// Jest Snapshot v1, https://goo.gl/fbAQLP

exports[`createConnector widget calls onSearchParameters when mounted if getSearchParameters are defined 1`] = `[Function]`;
