// Jest Snapshot v1, https://goo.gl/fbAQLP

exports[`HitsPerPage renders 1`] = `
<select
  className="select"
  onChange={[Function]}
  value={5}
>
  <option
    className="option"
    disabled={undefined}
    value={5}
  >
    show 5 hits
  </option>
  <option
    className="option"
    disabled={undefined}
    value={10}
  >
    show 10 hits
  </option>
</select>
`;
