// Jest Snapshot v1, https://goo.gl/fbAQLP

exports[`Hits accepts a hitComponent prop 1`] = `
<div
  className="ais-InfiniteResults"
>
  <div
    className="ais-InfiniteResults-body ais-body"
  >
    <ul
      className="ais-InfiniteResults-list"
    >
      <Hit
        hit={
          Object {
            "objectID": 0,
          }
        }
      />
      <Hit
        hit={
          Object {
            "objectID": 1,
          }
        }
      />
      <Hit
        hit={
          Object {
            "objectID": 2,
          }
        }
      />
    </ul>
    <button
      className="ais-InfiniteResults-loadMore ais-InfiniteResults-loadMore--disabled"
      disabled={true}
    >
      Load more
    </button>
  </div>
</div>
`;
