// Jest Snapshot v1, https://goo.gl/fbAQLP

exports[`Hits accepts a hitComponent prop 1`] = `
<div>
  <ul
    className="list"
  >
    <li
      className="item"
    >
      <Hit
        hit={
          Object {
            "objectID": 0,
          }
        }
      />
    </li>
    <li
      className="item"
    >
      <Hit
        hit={
          Object {
            "objectID": 1,
          }
        }
      />
    </li>
    <li
      className="item"
    >
      <Hit
        hit={
          Object {
            "objectID": 2,
          }
        }
      />
    </li>
  </ul>
  <button
    className="loadMore loadMore--disabled"
    disabled={true}
    onClick={[Function]}
  >
    Load more
  </button>
</div>
`;
